2024-07-25 07:00:04,880:                    nacob:   ERROR: Something went wrong for MAC-COR-IPX-BLU
2024-08-28 07:00:05,360:                    nacob:   ERROR: Something went wrong for MAC-COR-IPX-BLU
2024-09-07 07:00:05,514:                    nacob:   ERROR: Something went wrong for MAC-COR-IPX-BLU
